ESP-ROM:esp32s31-20251218
Build:Dec 18 2025
rst:0x1 (POWERON),boot:0x58 (SPI_FAST_FLASH_BOOT)
SPI mode:DIO, clock div:1
load:0x2f0740c0,len:0x17f4
load:0x2f06a2b0,len:0xc18
load:0x2f06cfb0,len:0x3404
entry 0x2f06a2ba
I (26) boot: ESP-IDF a602e67b 2nd stage bootloader
I (26) boot: compile time Jul  1 2026 21:10:42
W (27) boot: Unicore bootloader
I (28) boot: chip revision: v0.0
I (29) boot: efuse block revision: v0.0
I (33) qio_mode: Enabling default flash chip QIO
I (37) boot.esp32s31: SPI Speed      : 80MHz
I (41) boot.esp32s31: SPI Mode       : QIO
I (45) boot.esp32s31: SPI Flash Size : 16MB
I (49) boot: Enabling RNG early entropy source...
I (53) boot: Partition Table:
I (56) boot: ## Label            Usage          Type ST Offset   Length
I (62) boot:  0 nvs              WiFi data        01 02 00011000 00006000
I (69) boot:  1 otadata          OTA data         01 00 00017000 00002000
I (75) boot:  2 phy_init         RF data          01 01 00019000 00001000
I (82) boot:  3 factory          factory app      00 00 00020000 00200000
I (88) boot:  4 opensbi          Unknown data     01 40 00220000 00080000
I (95) boot:  5 linux            Unknown data     01 40 002a0000 00780000
I (101) boot:  6 initramfs        Unknown data     01 40 00a20000 00200000
I (109) boot: End of partition table
I (116) boot: Defaulting to factory image
I (116) esp_image: segment 0: paddr=00020020 vaddr=40020020 size=08618h ( 34328) map
I (130) esp_image: segment 1: paddr=00028640 vaddr=2f000000 size=079d8h ( 31192) load
I (137) esp_image: segment 2: paddr=00030020 vaddr=40000020 size=145a4h ( 83364) map
I (152) esp_image: segment 3: paddr=000445cc vaddr=2f0079d8 size=04250h ( 16976) load
I (162) esp_image: segment 4: paddr=00048824 vaddr=2f00bc80 size=02e54h ( 11860) load
I (169) boot: Loaded app from partition at offset 0x20000
I (170) boot: Disabling RNG early entropy source...
I (180) oct_psram: vendor id    : 0x1a (UNKNOWN)
I (180) oct_psram: Latency      : 0x01 (Fixed)
I (181) oct_psram: DriveStr.    : 0x00 (25 Ohm)
I (182) oct_psram: dev id       : 0x00 (generation 1)
I (186) oct_psram: density      : 0x05 (128 Mbit)
I (191) oct_psram: good-die     : 0x06 (Pass)
I (195) oct_psram: SRF          : 0x02 (Slow Refresh)
I (200) oct_psram: BurstType    : 0x00 ( Wrap)
I (204) oct_psram: BurstLen     : 0x03 (2048 Byte)
I (208) oct_psram: BitMode      : 0x00 (X8 Mode)
I (213) oct_psram: Readlatency  : 0x06 (18 cycles@Fixed)
I (218) oct_psram: DriveStrength: 0x00 (1/1)
I (222) MSPI Timing: Enter psram timing tuning
I (374) esp_psram: Found 16MB PSRAM device
I (374) esp_psram: Speed: 250MHz
I (375) cpu_start: Unicore app
I (375) cpu_start: Single core mode
I (705) esp_psram: SPI SRAM memory test OK
I (714) cpu_start: GPIO 59 and 58 are used as console UART I/O pins
I (714) cpu_start: Pro cpu start user code
I (714) cpu_start: cpu freq: 320000000 Hz
I (716) app_init: Application information:
I (720) app_init: Project name:     hello_world
I (724) app_init: App version:      382dca1-dirty
I (729) app_init: Compile time:     Jul  2 2026 18:40:24
I (734) app_init: ELF file SHA256:  fa7723448...
I (738) app_init: ESP-IDF:          a602e67b
I (742) efuse_init: Min chip rev:     v0.0
I (746) efuse_init: Max chip rev:     v0.99 
I (750) efuse_init: Chip rev:         v0.0
I (754) heap_init: Initializing. RAM available for dynamic allocation:
I (760) heap_init: At 2F011590 len 00069A20 (422 KiB): RAM
I (765) heap_init: At 2F07AFB0 len 000041C0 (16 KiB): RAM
I (770) heap_init: At 2E000000 len 00007FE8 (31 KiB): RTCRAM
I (776) spi_flash: detected chip: generic
I (779) spi_flash: flash io: qio
I (782) sleep_gpio: Configure to isolate all GPIO pins in sleep state
I (789) sleep_gpio: Enable automatic switching of GPIO sleep configuration
I (795) main_task: Started on CPU0
I (825) main_task: Calling app_main()
I (825) boot: mstatus after MPRV clear: 0x00010089
I (825) boot: PMP install: cfg0=0x0000009f cfg1=0x00000000 cfg2=0x00000000 cfg3=0x00000000 pmpaddr0=0x3fffffff
I (825) boot: OpenSBI mmap at 0x40030000 (size 524288), entry offset +0x0 (CHECK IF MATCH OpenSBI BUILD)
I (825) boot: OpenSBI FDT offset 0x00033268, addr 0x40063268
I (825) boot: Linux mmap INST at 0x400b0000 (size 7864320)
I (825) boot: initramfs copied: flash=0x00a20000 size=0x00200000 psram=[0xc0800000..0xc0a00000)
I (825) boot: trap redirect test: programmed stvec=0x2f001f43 readback=0x2f001f43
--- 0x2f001f43: test_s_trap_redirect_handler at /home/grieferpig/s31linux/esp32-p4-bootloader/main/main.c:265
--- 0x2f001f43: test_s_trap_redirect_handler at /home/grieferpig/s31linux/esp32-p4-bootloader/main/main.c:265
I (825) boot: trap redirect test result=1 fwd(scause=0x00000002 sepc=0x2f00200a stval=0x00000000) s(scause=0x00000002 sepc=0x2f00200a stval=0x00000000 stvec=0x2f001f43)
--- 0x2f00200a: test_s_trap_redirect_entry at /home/grieferpig/s31linux/esp32-p4-bootloader/main/main.c:292
--- 0x2f00200a: test_s_trap_redirect_entry at /home/grieferpig/s31linux/esp32-p4-bootloader/main/main.c:292
--- 0x2f001f43: test_s_trap_redirect_handler at /home/grieferpig/s31linux/esp32-p4-bootloader/main/main.c:265
I (825) boot: trap redirect test PASSED
I (825) boot: S-mode Sv32 HP SRAM root: root=0x2f010000 satp=0x8002f010 l1[188]=0x0bc000ef writeback=0
I (825) boot: S-mode Sv32 PSRAM+C2M root: root=0xc0ffe000 satp=0x800c0ffe l1[188]=0x0bc000ef writeback=1
I (825) boot: S-mode Sv32 PSRAM root: root=0xc0ffe000 satp=0x800c0ffe l1[188]=0x0bc000ef writeback=0
I (825) boot: S-mode probe start: baseline ecall op=1 entry=0x2f0021c0 mtvec=0x2f0023c0 stage@0x2f011528 satp_req=0x00000000
--- 0x2f0021c0: s_mode_probe_entry at /home/grieferpig/s31linux/esp32-p4-bootloader/main/main.c:524
--- 0x2f0023c0: s_mode_probe_trap_handler at /home/grieferpig/s31linux/esp32-p4-bootloader/main/main.c:655
I (825) boot: S-mode probe done: baseline ecall result=1 stage=2 a1=0x00000000 satp_now=0x00000000 mcause=0x00000000 mepc=0x00000000 mtval=0x00000000
I (825) boot: S-mode probe start: fence rw,rw op=2 entry=0x2f0021c0 mtvec=0x2f0023c0 stage@0x2f011528 satp_req=0x00000000
--- 0x2f0021c0: s_mode_probe_entry at /home/grieferpig/s31linux/esp32-p4-bootloader/main/main.c:524
--- 0x2f0023c0: s_mode_probe_trap_handler at /home/grieferpig/s31linux/esp32-p4-bootloader/main/main.c:655
I (825) boot: S-mode probe done: fence rw,rw result=1 stage=3 a1=0x00000000 satp_now=0x00000000 mcause=0x00000000 mepc=0x00000000 mtval=0x00000000
I (825) boot: S-mode probe start: csrr satp op=3 entry=0x2f0021c0 mtvec=0x2f0023c0 stage@0x2f011528 satp_req=0x00000000
--- 0x2f0021c0: s_mode_probe_entry at /home/grieferpig/s31linux/esp32-p4-bootloader/main/main.c:524
--- 0x2f0023c0: s_mode_probe_trap_handler at /home/grieferpig/s31linux/esp32-p4-bootloader/main/main.c:655
I (825) boot: S-mode probe done: csrr satp result=1 stage=3 a1=0x00000000 satp_now=0x00000000 mcause=0x00000000 mepc=0x00000000 mtval=0x00000000
I (825) boot: S-mode probe start: csrw satp, zero op=4 entry=0x2f0021c0 mtvec=0x2f0023c0 stage@0x2f011528 satp_req=0x00000000
--- 0x2f0021c0: s_mode_probe_entry at /home/grieferpig/s31linux/esp32-p4-bootloader/main/main.c:524
--- 0x2f0023c0: s_mode_probe_trap_handler at /home/grieferpig/s31linux/esp32-p4-bootloader/main/main.c:655
I (825) boot: S-mode probe done: csrw satp, zero result=1 stage=4 a1=0x00000000 satp_now=0x00000000 mcause=0x00000000 mepc=0x00000000 mtval=0x00000000
I (825) boot: S-mode probe start: Sv32 enable with HP SRAM root + fence/fence op=5 entry=0x2f0021c0 mtvec=0x2f0023c0 stage@0x2f011528 satp_req=0x8002f010
--- 0x2f0021c0: s_mode_probe_entry at /home/grieferpig/s31linux/esp32-p4-bootloader/main/main.c:524
--- 0x2f0023c0: s_mode_probe_trap_handler at /home/grieferpig/s31linux/esp32-p4-bootloader/main/main.c:655
I (825) boot: S-mode probe done: Sv32 enable with HP SRAM root + fence/fence result=1 stage=6 a1=0x8002f010 satp_now=0x8002f010 mcause=0x00000000 mepc=0x00000000 mtval=0x00000000
I (825) boot: S-mode probe start: Sv32 enable with HP SRAM root + sfence/sfence op=6 entry=0x2f0021c0 mtvec=0x2f0023c0 stage@0x2f011528 satp_req=0x8002f010
--- 0x2f0021c0: s_mode_probe_entry at /home/grieferpig/s31linux/esp32-p4-bootloader/main/main.c:524
--- 0x2f0023c0: s_mode_probe_trap_handler at /home/grieferpig/s31linux/esp32-p4-bootloader/main/main.c:655
I (825) boot: S-mode probe done: Sv32 enable with HP SRAM root + sfence/sfence result=1 stage=6 a1=0x8002f010 satp_now=0x8002f010 mcause=0x00000000 mepc=0x00000000 mtval=0x00000000
I (825) boot: S-mode probe start: Sv32 enable with PSRAM root + C2M + fence/fence op=5 entry=0x2f0021c0 mtvec=0x2f0023c0 stage@0x2f011528 satp_req=0x800c0ffe
--- 0x2f0021c0: s_mode_probe_entry at /home/grieferpig/s31linux/esp32-p4-bootloader/main/main.c:524
--- 0x2f0023c0: s_mode_probe_trap_handler at /home/grieferpig/s31linux/esp32-p4-bootloader/main/main.c:655
I (825) boot: S-mode probe done: Sv32 enable with PSRAM root + C2M + fence/fence result=1 stage=6 a1=0x800c0ffe satp_now=0x800c0ffe mcause=0x00000000 mepc=0x00000000 mtval=0x00000000
W (825) boot: Starting destructive S-mode probe op=5 with PSRAM root without C2M writeback stage@0x2f011528
I (825) boot: S-mode probe start: Sv32 enable with PSRAM root + NO writeback + fence/fence op=5 entry=0x2f0021c0 mtvec=0x2f0023c0 stage@0x2f011528 satp_req=0x800c0ffe
--- 0x2f0021c0: s_mode_probe_entry at /home/grieferpig/s31linux/esp32-p4-bootloader/main/main.c:524
--- 0x2f0023c0: s_mode_probe_trap_handler at /home/grieferpig/s31linux/esp32-p4-bootloader/main/main.c:655
I (825) boot: S-mode probe done: Sv32 enable with PSRAM root + NO writeback + fence/fence result=1 stage=6 a1=0x800c0ffe satp_now=0x800c0ffe mcause=0x00000000 mepc=0x00000000 mtval=0x00000000
I (825) boot: HP SRAM R/W/X probe ok (write=0x2f011000, exec=0x2f011000)
I (825) boot: flash read probe: first=0xf1402573 fdt_magic=0xedfe0dd0
I (825) boot: flash mapped write probe skipped: XIP flash is expected read-only
I (825) boot: flash R/X probe ok (exec=0x4000ba5c)
--- 0x4000ba5c: flash_exec_probe at /home/grieferpig/s31linux/esp32-p4-bootloader/main/main.c:829
I (825) boot: PSRAM R/W/X probe ok (write=0xc0fff000, exec=0xc0fff000)
I (825) boot: OpenSBI early data probe ok: lma=0x40060f50 data=[0x2f040000..0x2f042378) bss=[0x2f043000..0x2f043d18) stack_top=0x2f046000
I (825) boot: CLIC ID1 disabled before handoff: ip=0x00 ie=0x00 attr=0xc0 ctrl=0x1f
I (825) boot: handoff trap vector at 0x4000ba62
--- 0x4000ba62: handoff_trap_vector at /home/grieferpig/s31linux/esp32-p4-bootloader/main/main.c:833
I (825) boot: PMP handoff: pmpcfg0=0x0000009f pmpaddr0=0x3fffffff

=== OpenSBI ESP32-S31 ===

OpenSBI v1.8
   ____                    _____ ____ _____
  / __ \                  / ____|  _ \_   _|
 | |  | |_ __   ___ _ __ | (___ | |_) || |
 | |  | | '_ \ / _ \ '_ \ \___ \|  _ < | |
 | |__| | |_) |  __/ | | |____) | |_) || |_
  \____/| .__/ \___|_| |_|_____/|____/_____|
        | |
        |_|


S31: OpenSBI core init complete, SPIE set
Platform Name               : Espressif ESP32-S31 S-mode (generic)
Platform Features           : medeleg
Platform HART Count         : 1
Platform HART Protection    : ---
Platform IPI Device         : ---
Platform Timer Device       : esp32s31-mtimer @ 320000000Hz
Platform Console Device     : esp32s31_uart
Platform HSM Device         : ---
Platform PMU Device         : ---
Platform Reboot Device      : ---
Platform Shutdown Device    : ---
Platform Suspend Device     : ---
Platform CPPC Device        : ---
Firmware Base               : 0x40030000
Firmware Size               : 3915901 KB
Firmware RW Offset          : 0xef010000
Firmware RW Size            : 61 KB
Firmware Heap Offset        : 0xef016000
Firmware Heap Size          : 37 KB (total), 0 KB (reserved), 9 KB (used), 26 KB (free)
Firmware Scratch Size       : 4096 B (total), 288 B (used), 3808 B (free)
Runtime SBI Version         : 3.0
Standard SBI Extensions     : time,rfnc,ipi,base,hsm,pmu,dbcn,fwft,legacy,sse
Experimental SBI Extensions : none

Domain0 Name                : root
Domain0 Boot HART           : 0
Domain0 HARTs               : 0x0*
Domain0 Region00            : 0x00000000-0xffffffff M: () S/U: (R,W,X)
Domain0 Next Address        : 0x400b0000
Domain0 Next Arg1           : 0x40063268
Domain0 Next Mode           : S-mode
Domain0 SysReset            : yes
Domain0 SysSuspend          : yes

Boot HART ID                : 0
Boot HART Domain            : root
Boot HART Priv Version      : unknown
Boot HART Base ISA          : rv32
Boot HART ISA Extensions    : none
Boot HART PMP Count         : 0
Boot HART PMP Granularity   : 0 bits
Boot HART PMP Address Bits  : 0
Boot HART MHPM Info         : 0 (0x00000000)
Boot HART Debug Triggers    : 0 triggers
Boot HART MIDELEG           : 0x0
Boot HART MEDELEG           : 0x0000b000
[    0.000000] Linux version 6.12.0-00036-gdccf9c1b2c4f-dirty (grieferpig@BasedLaptop) (riscv64-unknown-elf-gcc (13.2.0-11ubuntu1+12) 13.2.0, GNU ld (2.42-1ubuntu1+6) 2.42) #30 Thu Jul  2 23:48:23 CST 2026
[    0.000000] Machine model: Espressif ESP32-S31 S-mode (generic)
[    0.000000] Forcing kernel command line to: earlycon=esp32s3uart,mmio32,0x2038a000 earlycon=sbi console=ttyS0,115200 keep_bootcon earlyprintk debug rdinit=/init
[    0.000000] SBI specification v3.0 detected
[    0.000000] SBI implementation ID=0x1 Version=0x10008
[    0.000000] SBI TIME extension detected
[    0.000000] SBI IPI extension detected
[    0.000000] SBI RFENCE extension detected
[    0.000000] SBI DBCN extension detected
[    0.000000] earlycon: esp32s3uart0 at MMIO32 0x2038a000 (options '')
[    0.000000] printk: legacy bootconsole [esp32s3uart0] enabled
[    0.000000] printk: debug: skip boot console de-registration.
[    0.000000] Zone ranges:
[    0.000000]   Normal   [mem 0x00000000c0000000-0x00000000c0ffffff]
[    0.000000] Movable zone start for each node
[    0.000000] Early memory node ranges
[    0.000000]   node   0: [mem 0x00000000c0000000-0x00000000c0ffffff]
[    0.000000] Initmem setup node 0 [mem 0x00000000c0000000-0x00000000c0ffffff]
[    0.000000] On node 0, zone Normal: 28672 pages in unavailable ranges
[    0.000000] This kernel does not support systems with F but not D
[    0.000000] riscv: base ISA extensions acfim
[    0.000000] riscv: ELF capabilities acim
[    0.000000] pcpu-alloc: s0 r0 d32768 u32768 alloc=1*32768
[    0.000000] pcpu-alloc: [0] 0 
[    0.000000] Kernel command line: earlycon=esp32s3uart,mmio32,0x2038a000 earlycon=sbi console=ttyS0,115200 keep_bootcon earlyprintk debug rdinit=/init
[    0.000000] Dentry cache hash table entries: 2048 (order: 1, 8192 bytes, linear)
[    0.000000] Inode-cache hash table entries: 1024 (order: 0, 4096 bytes, linear)
[    0.000000] Built 1 zonelists, mobility grouping on.  Total pages: 4096
[    0.000000] mem auto-init: stack:all(zero), heap alloc:off, heap free:off
[    0.000000] SLUB: HWalign=64, Order=0-1, MinObjects=0, CPUs=1, Nodes=1
[    0.000000] NR_IRQS: 64, nr_irqs: 64, preallocated irqs: 0
[    0.000000] riscv-intc: 32 local interrupts mapped
[    0.000000] CLIC: initialized — 48 interrupts, 2 harts, vectored mode
[    0.000000] clocksource: riscv_clocksource: mask: 0xffffffffffffffff max_cycles: 0x49cd42e204, max_idle_ns: 440795202125 ns
[    0.000044] sched_clock: 64 bits at 320MHz, resolution 3ns, wraps every 4398046511103ns
[    0.009653] Calibrating delay loop (skipped), value calculated using timer frequency.. 640.00 BogoMIPS (lpj=1280000)
[    0.018970] pid_max: default: 32768 minimum: 301
[    0.026069] Mount-cache hash table entries: 1024 (order: 0, 4096 bytes, linear)
[    0.031102] Mountpoint-cache hash table entries: 1024 (order: 0, 4096 bytes, linear)
[    0.089482] ASID allocator using 9 bits (512 entries)
[    0.099220] Memory: 12616K/16384K available (1886K kernel code, 174K rwdata, 285K rodata, 134K init, 85K bss, 3464K reserved, 0K cma-reserved)
[    0.113340] devtmpfs: initialized
[    0.180878] clocksource: jiffies: mask: 0xffffffff max_cycles: 0xffffffff, max_idle_ns: 7645041785100000 ns
[    0.215095] NET: Registered PF_NETLINK/PF_ROUTE protocol family
[    0.360190] clocksource: Switched to clocksource riscv_clocksource
[    0.432913] NET: Registered PF_INET protocol family
[    0.442818] IP idents hash table entries: 2048 (order: 2, 16384 bytes, linear)
[    0.478158] tcp_listen_portaddr_hash hash table entries: 1024 (order: 0, 4096 bytes, linear)
[    0.481478] Table-perturb hash table entries: 65536 (order: 6, 262144 bytes, linear)
[    0.484872] TCP established hash table entries: 1024 (order: 0, 4096 bytes, linear)
[    0.493617] TCP bind hash table entries: 1024 (order: 1, 8192 bytes, linear)
[    0.501212] TCP: Hash tables configured (established 1024 bind 1024)
[    0.509391] UDP hash table entries: 256 (order: 0, 4096 bytes, linear)
[    0.513192] UDP-Lite hash table entries: 256 (order: 0, 4096 bytes, linear)
[    0.523667] NET: Registered PF_UNIX/PF_LOCAL protocol family
[    0.572992] Unpacking initramfs...
[    0.582929] workingset: timestamp_bits=30 max_order=12 bucket_order=0
[    0.587168] io scheduler mq-deadline registered
[    0.588919] io scheduler kyber registered
[    8.084718] Freeing initrd memory: 2048K
[    8.154953] 2038a000.serial: ttyS0 at MMIO 0x2038a000 (irq = 1, base_baud = 2500000) is a ESP32S3 UART
[    8.157954] printk: legacy console [ttyS0] enabled
[    8.157954] printk: legacy console [ttyS0] enabled
[    8.193177] NET: Registered PF_INET6 protocol family
[    8.193177] NET: Registered PF_INET6 protocol family
[    8.239515] Segment Routing with IPv6
[    8.239515] Segment Routing with IPv6
[    8.248585] In-situ OAM (IOAM) with IPv6
[    8.248585] In-situ OAM (IOAM) with IPv6
[    8.253233] sit: IPv6, IPv4 and MPLS over IPv4 tunneling driver
[    8.253233] sit: IPv6, IPv4 and MPLS over IPv4 tunneling driver
[    8.289294] NET: Registered PF_PACKET protocol family
[    8.289294] NET: Registered PF_PACKET protocol family
[    8.377000] clk: Disabling unused clocks
[    8.377000] clk: Disabling unused clocks
[    8.386130] Freeing unused kernel image (initmem) memory: 36K
[    8.386130] Freeing unused kernel image (initmem) memory: 36K
[    8.388616] This architecture does not have kernel memory protection.
[    8.388616] This architecture does not have kernel memory protection.
[    8.401072] Run /init as init process
[    8.401072] Run /init as init process
[    8.407922]   with arguments:
[    8.407922]   with arguments:
[    8.413785]     /init
[    8.413785]     /init
[    8.418315]   with environment:
[    8.418315]   with environment:
[    8.424546]     HOME=/
[    8.424546]     HOME=/
[    8.429363]     TERM=linux
[    8.429363]     TERM=linux

=== ESP32-S31 BusyBox initramfs ===
Type 'help' for BusyBox applets.


BusyBox v1.36.1 (2026-07-02 18:37:26 CST) built-in shell (ash)
Enter 'help' for a list of built-in commands.

/bin/sh: can't access tty; job control turned off
# 