ESP-ROM:esp32s31-20251218
Build:Dec 18 2025
rst:0x1 (POWERON),boot:0x7f (SPI_FAST_FLASH_BOOT)
SPI mode:DIO, clock div:1
load:0x2f0740c0,len:0x17f4
load:0x2f06a2b0,len:0xc18
load:0x2f06cfb0,len:0x3404
entry 0x2f06a2ba
I (26) boot: ESP-IDF a602e67b-dirty 2nd stage bootloader
I (26) boot: compile time Jul 21 2026 21:43:34
W (27) boot: Unicore bootloader
I (28) boot: chip revision: v0.0
I (30) boot: efuse block revision: v0.0
I (33) qio_mode: Enabling default flash chip QIO
I (38) boot.esp32s31: SPI Speed      : 80MHz
I (42) boot.esp32s31: SPI Mode       : QIO
I (45) boot.esp32s31: SPI Flash Size : 16MB
I (49) boot: Enabling RNG early entropy source...
I (54) boot: Partition Table:
I (56) boot: ## Label            Usage          Type ST Offset   Length
I (63) boot:  0 nvs              WiFi data        01 02 00011000 00006000
I (69) boot:  1 otadata          OTA data         01 00 00017000 00002000
I (76) boot:  2 phy_init         RF data          01 01 00019000 00001000
I (82) boot:  3 factory          factory app      00 00 00020000 00200000
I (89) boot:  4 opensbi          Unknown data     01 40 00220000 00080000
I (95) boot:  5 linux            Unknown data     01 40 002a0000 00780000
I (102) boot:  6 initramfs        Unknown data     01 40 00a20000 005e0000
I (110) boot: End of partition table
I (113) boot: Defaulting to factory image
I (116) esp_image: segment 0: paddr=00020020 vaddr=40020020 size=07ab8h ( 31416) map
I (130) esp_image: segment 1: paddr=00027ae0 vaddr=2f000000 size=08538h ( 34104) load
I (138) esp_image: segment 2: paddr=00030020 vaddr=40000020 size=13730h ( 79664) map
I (152) esp_image: segment 3: paddr=00043758 vaddr=2f008538 size=03044h ( 12356) load
I (157) esp_image: segment 4: paddr=000467a4 vaddr=2f00b580 size=02e54h ( 11860) load
I (164) boot: Loaded app from partition at offset 0x20000
I (164) boot: Disabling RNG early entropy source...
I (178) oct_psram: vendor id    : 0x1a (UNKNOWN)
I (178) oct_psram: Latency      : 0x01 (Fixed)
I (178) oct_psram: DriveStr.    : 0x00 (25 Ohm)
I (179) oct_psram: dev id       : 0x00 (generation 1)
I (184) oct_psram: density      : 0x05 (128 Mbit)
I (188) oct_psram: good-die     : 0x06 (Pass)
I (193) oct_psram: SRF          : 0x02 (Slow Refresh)
I (197) oct_psram: BurstType    : 0x00 ( Wrap)
I (201) oct_psram: BurstLen     : 0x03 (2048 Byte)
I (206) oct_psram: BitMode      : 0x00 (X8 Mode)
I (210) oct_psram: Readlatency  : 0x06 (18 cycles@Fixed)
I (215) oct_psram: DriveStrength: 0x00 (1/1)
I (219) MSPI Timing: Enter psram timing tuning
I (372) esp_psram: Found 16MB PSRAM device
I (372) esp_psram: Speed: 250MHz
I (373) cpu_start: Unicore app
I (373) cpu_start: Single core mode
I (703) esp_psram: SPI SRAM memory test OK
I (712) cpu_start: GPIO 59 and 58 are used as console UART I/O pins
I (712) cpu_start: Pro cpu start user code
I (712) cpu_start: cpu freq: 320000000 Hz
I (714) app_init: Application information:
I (718) app_init: Project name:     hello_world
I (722) app_init: App version:      toolchain-2-g0d132d2-dirty
I (727) app_init: Compile time:     Jul 21 2026 21:43:32
I (732) app_init: ELF file SHA256:  d7649863b...
I (737) app_init: ESP-IDF:          a602e67b-dirty
I (741) efuse_init: Min chip rev:     v0.0
I (745) efuse_init: Max chip rev:     v0.99 
I (749) efuse_init: Chip rev:         v0.0
I (753) heap_init: Initializing. RAM available for dynamic allocation:
I (759) heap_init: At 2F00FC70 len 0006B340 (428 KiB): RAM
I (764) heap_init: At 2F07AFB0 len 000041C0 (16 KiB): RAM
I (770) heap_init: At 2E000000 len 00007FE8 (31 KiB): RTCRAM
I (775) spi_flash: detected chip: generic
I (779) spi_flash: flash io: qio
I (782) sleep_gpio: Configure to isolate all GPIO pins in sleep state
I (788) sleep_gpio: Enable automatic switching of GPIO sleep configuration
I (795) app_start: Starting scheduler on CPU0
About to start first task!
I (801) main_task: Started on CPU0
I (821) main_task: Calling app_main()
I (821) boot: PMP install: cfg0=0x0000009f cfg1=0x00000000 cfg2=0x00000000 cfg3=0x00000000 pmpaddr0=0x3fffffff
I (821) boot: OpenSBI mmap at 0x40030000 (size 524288)
I (821) boot: OpenSBI FDT offset 0x00040000, addr 0x40070000
I (821) boot: Linux mmap INST at 0x400b0000 (size 7864320)
I (821) boot: initramfs mapped: flash=0x00a20000 size=0x005e0000 vaddr=0x40a20000

OpenSBI v1.9
   ____                    _____ ____ _____
  / __ \                  / ____|  _ \_   _|
 | |  | |_ __   ___ _ __ | (___ | |_) || |
 | |  | | '_ \ / _ \ '_ \ \___ \|  _ < | |
 | |__| | |_) |  __/ | | |____) | |_) || |_
  \____/| .__/ \___|_| |_|_____/|____/_____|
        | |
        |_|

Platform Name               : Espressif ESP32-S31 S-mode (generic)
Platform Features           : medeleg
Platform HART Count         : 1
Platform HART Protection    : ---
Platform IPI Device         : ---
Platform Timer Device       : esp32s31-mtimer @ 320000000Hz
Platform Console Device     : esp32s31_uart
Platform HSM Device         : ---
Platform PMU Device         : ---
Platform Reboot Device      : ---
Platform Shutdown Device    : ---
Platform Suspend Device     : ---
Platform CPPC Device        : ---
Firmware Base               : 0x40030000
Firmware Size               : 3915901 KB
Firmware RW Offset          : 0xef010000
Firmware RW Size            : 61 KB
Firmware Heap Offset        : 0xef016000
Firmware Heap Size          : 37 KB (total), 0 KB (reserved), 9 KB (used), 26 KB (free)
Firmware Scratch Size       : 4096 B (total), 288 B (used), 3808 B (free)
Runtime SBI Version         : 3.0
Standard SBI Extensions     : time,rfnc,ipi,base,hsm,pmu,dbcn,fwft,legacy,sse
Experimental SBI Extensions : none

Domain0 Name                : root
Domain0 Boot HART           : 0
Domain0 HARTs               : 0x0*
Domain0 Region00            : 0x00000000-0xffffffff M: () S/U: (R,W,X)
Domain0 Next Address        : 0x400b0000
Domain0 Next Arg1           : 0x40070000
Domain0 Next Mode           : S-mode
Domain0 SysReset            : yes
Domain0 SysSuspend          : yes

Boot HART ID                : 0
Boot HART Domain            : root
Boot HART Priv Version      : unknown
Boot HART Base ISA          : rv32
Boot HART ISA Extensions    : none
Boot HART PMP Count         : 0
Boot HART PMP Granularity   : 0 bits
Boot HART PMP Address Bits  : 0
Boot HART MHPM Info         : 0 (0x00000000)
Boot HART Debug Triggers    : 0 triggers
Boot HART MIDELEG           : 0x0
Boot HART MEDELEG           : 0x0000b000
[    0.000000] Linux version 6.12.0-gb4777fc146b9-dirty (grieferpig@BasedLaptop) (riscv32-unknown-linux-musl-gcc (GCC) 16.1.0, GNU ld (GNU Binutils) 2.46) #14 Tue Jul 21 21:24:57 CST 2026
[    0.000000] Machine model: Espressif ESP32-S31 S-mode (generic)
[    0.000000] Forcing kernel command line to: earlycon=esp32s3uart,mmio32,0x2038a000 console=ttyS0,115200 rdinit=/init
[    0.000000] SBI specification v3.0 detected
[    0.000000] SBI implementation ID=0x1 Version=0x10009
[    0.000000] SBI TIME extension detected
[    0.000000] SBI IPI extension detected
[    0.000000] SBI RFENCE extension detected
[    0.000000] SBI DBCN extension detected
[    0.000000] earlycon: esp32s3uart0 at MMIO32 0x2038a000 (options '')
[    0.000000] printk: legacy bootconsole [esp32s3uart0] enabled
[    0.000000] Zone ranges:
[    0.000000]   Normal   [mem 0x0000000050000000-0x0000000050ffffff]
[    0.000000] Movable zone start for each node
[    0.000000] Early memory node ranges
[    0.000000]   node   0: [mem 0x0000000050000000-0x0000000050ffffff]
[    0.000000] Initmem setup node 0 [mem 0x0000000050000000-0x0000000050ffffff]
[    0.000000] On node 0, zone Normal: 28672 pages in unavailable ranges
[    0.000000] Failed to add a System RAM resource at 50000000
[    0.000000] riscv: base ISA extensions acim
[    0.000000] riscv: ELF capabilities acim
[    0.000000] Kernel command line: earlycon=esp32s3uart,mmio32,0x2038a000 console=ttyS0,115200 rdinit=/init
[    0.000000] Dentry cache hash table entries: 2048 (order: 1, 8192 bytes, linear)
[    0.000000] Inode-cache hash table entries: 1024 (order: 0, 4096 bytes, linear)
[    0.000000] Built 1 zonelists, mobility grouping on.  Total pages: 4096
[    0.000000] mem auto-init: stack:all(zero), heap alloc:off, heap free:off
[    0.000000] SLUB: HWalign=64, Order=0-1, MinObjects=0, CPUs=1, Nodes=1
[    0.000000] NR_IRQS: 64, nr_irqs: 64, preallocated irqs: 0
[    0.000000] riscv-intc: 32 local interrupts mapped
[    0.000000] CLIC: initialized — 48 interrupts, 2 harts, vectored mode
[    0.000000] clocksource: riscv_clocksource: mask: 0xffffffffffffffff max_cycles: 0x49cd42e204, max_idle_ns: 440795202125 ns
[    0.000018] sched_clock: 64 bits at 320MHz, resolution 3ns, wraps every 4398046511103ns
[    0.008660] Calibrating delay loop (skipped), value calculated using timer frequency.. 640.00 BogoMIPS (lpj=1280000)
[    0.018792] pid_max: default: 32768 minimum: 301
[    0.024148] Mount-cache hash table entries: 1024 (order: 0, 4096 bytes, linear)
[    0.030761] Mountpoint-cache hash table entries: 1024 (order: 0, 4096 bytes, linear)
[    0.053315] ASID allocator using 9 bits (512 entries)
[    0.056434] ESP32-S31 cache: 64-byte lines, I-cache 0, writeback workaround enabled
[    0.057390] Memory: 8744K/16384K available (1870K kernel code, 158K rwdata, 284K rodata, 130K init, 85K bss, 7416K reserved, 0K cma-reserved)
[    0.072872] devtmpfs: initialized
[    0.084997] clocksource: jiffies: mask: 0xffffffff max_cycles: 0xffffffff, max_idle_ns: 7645041785100000 ns
[    0.089864] NET: Registered PF_NETLINK/PF_ROUTE protocol family
[    0.120427] clocksource: Switched to clocksource riscv_clocksource
[    0.143860] NET: Registered PF_INET protocol family
[    0.146592] IP idents hash table entries: 2048 (order: 2, 16384 bytes, linear)
[    0.151926] tcp_listen_portaddr_hash hash table entries: 1024 (order: 0, 4096 bytes, linear)
[    0.154206] Table-perturb hash table entries: 65536 (order: 6, 262144 bytes, linear)
[    0.161607] TCP established hash table entries: 1024 (order: 0, 4096 bytes, linear)
[    0.169297] TCP bind hash table entries: 1024 (order: 1, 8192 bytes, linear)
[    0.176464] TCP: Hash tables configured (established 1024 bind 1024)
[    0.183660] UDP hash table entries: 256 (order: 0, 4096 bytes, linear)
[    0.189337] UDP-Lite hash table entries: 256 (order: 0, 4096 bytes, linear)
[    0.197648] NET: Registered PF_UNIX/PF_LOCAL protocol family
[    0.215305] Unpacking initramfs...
[    0.229099] workingset: timestamp_bits=30 max_order=12 bucket_order=0
[    0.230550] io scheduler mq-deadline registered
[    0.230834] io scheduler kyber registered
[    0.272054] 2038a000.serial: ttyS0 at MMIO 0x2038a000 (irq = 1, base_baud = 2500000) is a ESP32S3 UART
[    0.273303] printk: legacy console [ttyS0] enabled
[    0.273303] printk: legacy console [ttyS0] enabled
[    0.280905] printk: legacy bootconsole [esp32s3uart0] disabled
[    0.280905] printk: legacy bootconsole [esp32s3uart0] disabled
[    0.368835] NET: Registered PF_INET6 protocol family
[    0.398268] Segment Routing with IPv6
[    0.399700] In-situ OAM (IOAM) with IPv6
[    0.401120] sit: IPv6, IPv4 and MPLS over IPv4 tunneling driver
[    0.408804] NET: Registered PF_PACKET protocol family
[    0.459217] clk: Disabling unused clocks
[    1.248905] Freeing initrd memory: 6016K
[    1.253108] Freeing unused kernel image (initmem) memory: 36K
[    1.253504] This architecture does not have kernel memory protection.
[    1.254583] Run /init as init process
/bin/sh: can't access tty; job control turned off
~ # 